Server started on port : 4000
MongoDB connected successfully
MongoDB connected successfully
{
  message: 'Server returned unexpected status code - 403',
  http_code: 403,
  name: 'UnexpectedResponse'
}
{
  message: 'Server returned unexpected status code - 403',
  http_code: 403,
  name: 'UnexpectedResponse'
}
{
  message: 'Server returned unexpected status code - 403',
  http_code: 403,
  name: 'UnexpectedResponse'
}
{
  message: 'Server returned unexpected status code - 403',
  http_code: 403,
  name: 'UnexpectedResponse'
}
{
  message: 'Server returned unexpected status code - 403',
  http_code: 403,
  name: 'UnexpectedResponse'
}
{
  message: 'Server returned unexpected status code - 403',
  http_code: 403,
  name: 'UnexpectedResponse'
}
{
  message: 'Server returned unexpected status code - 403',
  http_code: 403,
  name: 'UnexpectedResponse'
}
{
  message: 'Server returned unexpected status code - 403',
  http_code: 403,
  name: 'UnexpectedResponse'
}
{
  message: 'Server returned unexpected status code - 403',
  http_code: 403,
  name: 'UnexpectedResponse'
}
{
  message: 'Server returned unexpected status code - 403',
  http_code: 403,
  name: 'UnexpectedResponse'
}
{
  message: 'Server returned unexpected status code - 403',
  http_code: 403,
  name: 'UnexpectedResponse'
}
MongoDB connected successfully
{
  message: 'Server returned unexpected status code - 403',
  http_code: 403,
  name: 'UnexpectedResponse'
}
{
  message: 'Server returned unexpected status code - 403',
  http_code: 403,
  name: 'UnexpectedResponse'
}
{
  message: 'Server returned unexpected status code - 403',
  http_code: 403,
  name: 'UnexpectedResponse'
}
{
  message: 'Server returned unexpected status code - 403',
  http_code: 403,
  name: 'UnexpectedResponse'
}
{
  message: 'Server returned unexpected status code - 403',
  http_code: 403,
  name: 'UnexpectedResponse'
}
{
  message: 'Server returned unexpected status code - 403',
  http_code: 403,
  name: 'UnexpectedResponse'
}
{
  message: 'Server returned unexpected status code - 403',
  http_code: 403,
  name: 'UnexpectedResponse'
}
{
  message: 'Server returned unexpected status code - 403',
  http_code: 403,
  name: 'UnexpectedResponse'
}
{
  error: Error: getaddrinfo ENOTFOUND api.cloudinary.com
      at GetAddrInfoReqWrap.onlookupall [as oncomplete] (node:dns:122:26) {
    errno: -3008,
    code: 'ENOTFOUND',
    syscall: 'getaddrinfo',
    hostname: 'api.cloudinary.com'
  }
}
{
  error: Error: getaddrinfo ENOTFOUND api.cloudinary.com
      at GetAddrInfoReqWrap.onlookupall [as oncomplete] (node:dns:122:26) {
    errno: -3008,
    code: 'ENOTFOUND',
    syscall: 'getaddrinfo',
    hostname: 'api.cloudinary.com'
  }
}
MongoDB connected successfully
{
  message: 'Server returned unexpected status code - 403',
  http_code: 403,
  name: 'UnexpectedResponse'
}
{
  message: 'Server returned unexpected status code - 403',
  http_code: 403,
  name: 'UnexpectedResponse'
}
MongoDB connected successfully
{
  message: 'Server returned unexpected status code - 403',
  http_code: 403,
  name: 'UnexpectedResponse'
}
{
  message: 'Server returned unexpected status code - 403',
  http_code: 403,
  name: 'UnexpectedResponse'
}
MongoDB connected successfully
MongoDB connected successfully
MongoDB connected successfully
{ message: 'Invalid image file', name: 'Error', http_code: 400 }
{ message: 'Invalid image file', name: 'Error', http_code: 400 }
MongoDB connected successfully
{
  message: 'Server returned unexpected status code - 403',
  http_code: 403,
  name: 'UnexpectedResponse'
}
{
  message: 'Server returned unexpected status code - 403',
  http_code: 403,
  name: 'UnexpectedResponse'
}
